// Jest Snapshot v1, https://goo.gl/fbAQLP

exports[`generateArticleStructuredData generates article structured data 1`] = `"{\\"@context\\":\\"https://schema.org\\",\\"@type\\":\\"BlogPosting\\",\\"mainEntityOfPage\\":{\\"@type\\":\\"WebPage\\",\\"@id\\":\\"https://velvety-tartufo-f1de54.netlify.app/fake-slug\\"},\\"headline\\":\\"title\\",\\"description\\":\\"this is a description\\",\\"image\\":\\"image.png\\",\\"datePublished\\":\\"2015-02-05T09:20:00+08:00\\",\\"dateModified\\":\\"2015-02-05T09:20:00+08:00\\",\\"author\\":{\\"@type\\":\\"Person\\",\\"name\\":\\"Karin Hendrikse\\",\\"url\\":\\"https://velvety-tartufo-f1de54.netlify.app/about\\"}}"`;
